#
# There is insufficient memory for the Java Runtime Environment to continue.
# Native memory allocation (mmap) failed to map 264241152 bytes for G1 virtual space
# Possible reasons:
#   The system is out of physical RAM or swap space
#   The process is running with CompressedOops enabled, and the Java Heap may be blocking the growth of the native heap
# Possible solutions:
#   Reduce memory load on the system
#   Increase physical memory or swap space
#   Check if swap backing store is full
#   Decrease Java heap size (-Xmx/-Xms)
#   Decrease number of Java threads
#   Decrease Java thread stack sizes (-Xss)
#   Set larger code cache with -XX:ReservedCodeCacheSize=
#   JVM is running with Zero Based Compressed Oops mode in which the Java heap is
#     placed in the first 32GB address space. The Java Heap base address is the
#     maximum limit for the native heap growth. Please use -XX:HeapBaseMinAddress
#     to set the Java Heap base and to place the Java Heap above 32GB virtual address.
# This output file may be truncated or incomplete.
#
#  Out of Memory Error (os_windows.cpp:3613), pid=32344, tid=26472
#
# JRE version:  (17.0.10+7) (build )
# Java VM: OpenJDK 64-Bit Server VM (17.0.10+7, mixed mode, sharing, tiered, compressed oops, compressed class ptrs, g1 gc, windows-amd64)
# No core dump will be written. Minidumps are not enabled by default on client versions of Windows
#

---------------  S U M M A R Y ------------

Command Line: -Dmaven.home=EMBEDDED -Dclassworlds.conf=C:\Users\Jayabalan\eclipse-workspace\.metadata\.plugins\org.eclipse.m2e.launching\launches\m2conf13708187748515084290.tmp -Dmaven.multiModuleProjectDirectory=D:\Invoice Approval\Invoice-Approval-Backend -Dm2e.build.project.data.socket.port=59935 -Dfile.encoding=UTF-8 -Dstdout.encoding=UTF-8 -Dstderr.encoding=UTF-8 -XX:+ShowCodeDetailsInExceptionMessages org.codehaus.plexus.classworlds.launcher.Launcher -B -Dstyle.color=always

Host: 11th Gen Intel(R) Core(TM) i5-1135G7 @ 2.40GHz, 8 cores, 15G,  Windows 11 , 64 bit Build 22621 (10.0.22621.5415)
Time: Fri Mar 13 17:21:31 2026 India Standard Time elapsed time: 0.011038 seconds (0d 0h 0m 0s)

---------------  T H R E A D  ---------------

Current thread (0x000001e43a5446f0):  JavaThread "Unknown thread" [_thread_in_vm, id=26472, stack(0x000000ae56900000,0x000000ae56a00000)]

Stack: [0x000000ae56900000,0x000000ae56a00000]
Native frames: (J=compiled Java code, j=interpreted, Vv=VM code, C=native code)
V  [jvm.dll+0x67d2c9]
V  [jvm.dll+0x834afa]
V  [jvm.dll+0x8365be]
V  [jvm.dll+0x836c23]
V  [jvm.dll+0x2477ff]
V  [jvm.dll+0x67a109]
V  [jvm.dll+0x66eb7a]
V  [jvm.dll+0x30764b]
V  [jvm.dll+0x30eaf6]
V  [jvm.dll+0x35e83e]
V  [jvm.dll+0x35ea6f]
V  [jvm.dll+0x2de248]
V  [jvm.dll+0x2df1b4]
V  [jvm.dll+0x806361]
V  [jvm.dll+0x36c6f1]
V  [jvm.dll+0x7e4e06]
V  [jvm.dll+0x3eff3f]
V  [jvm.dll+0x3f1b71]
C  [jli.dll+0x528f]
C  [ucrtbase.dll+0x29333]
C  [KERNEL32.DLL+0x1259d]
C  [ntdll.dll+0x5af78]


---------------  P R O C E S S  ---------------

Threads class SMR info:
_java_thread_list=0x00007fff7d8bee98, length=0, elements={
}

Java Threads: ( => current thread )

Other Threads:
  0x000001e43a5b06a0 GCTaskThread "GC Thread#0" [stack: 0x000000ae56a00000,0x000000ae56b00000] [id=16460]
  0x000001e43a5c10c0 ConcurrentGCThread "G1 Main Marker" [stack: 0x000000ae56b00000,0x000000ae56c00000] [id=27104]
  0x000001e43a5c2280 ConcurrentGCThread "G1 Conc#0" [stack: 0x000000ae56c00000,0x000000ae56d00000] [id=15180]

[error occurred during error reporting (printing all threads), id 0xc0000005, EXCEPTION_ACCESS_VIOLATION (0xc0000005) at pc=0x00007fff7d07ec87]

VM state: not at safepoint (not fully initialized)

VM Mutex/Monitor currently owned by a thread:  ([mutex/lock_event])
[0x000001e43a5435d0] Heap_lock - owner thread: 0x000001e43a5446f0

Heap address: 0x0000000705200000, size: 4014 MB, Compressed Oops mode: Zero based, Oop shift amount: 3

CDS archive(s) mapped at: [0x0000000000000000-0x0000000000000000-0x0000000000000000), size 0, SharedBaseAddress: 0x0000000800000000, ArchiveRelocationMode: 1.
Narrow klass base: 0x0000000000000000, Narrow klass shift: 0, Narrow klass range: 0x0

GC Precious Log:
<Empty>

Heap:
 garbage-first heap   total 0K, used 0K [0x0000000705200000, 0x0000000800000000)
  region size 2048K, 0 young (0K), 0 survivors (0K)

[error occurred during error reporting (printing heap information), id 0xc0000005, EXCEPTION_ACCESS_VIOLATION (0xc0000005) at pc=0x00007fff7d466fb9]

GC Heap History (0 events):
No events

Dll operation events (1 events):
Event: 0.006 Loaded shared library C:\Users\Jayabalan\.p2\pool\plugins\org.eclipse.justj.openjdk.hotspot.jre.full.win32.x86_64_17.0.10.v20240120-1143\jre\bin\java.dll

Deoptimization events (0 events):
No events

Classes unloaded (0 events):
No events

Classes redefined (0 events):
No events

Internal exceptions (0 events):
No events

VM Operations (0 events):
No events

Events (0 events):
No events


Dynamic libraries:
0x00007ff634480000 - 0x00007ff63448e000 	C:\Users\Jayabalan\.p2\pool\plugins\org.eclipse.justj.openjdk.hotspot.jre.full.win32.x86_64_17.0.10.v20240120-1143\jre\bin\javaw.exe
0x00007fffe5930000 - 0x00007fffe5b48000 	C:\WINDOWS\SYSTEM32\ntdll.dll
0x00007fffe3ed0000 - 0x00007fffe3f94000 	C:\WINDOWS\System32\KERNEL32.DLL
0x00007fffe2cb0000 - 0x00007fffe3083000 	C:\WINDOWS\System32\KERNELBASE.dll
0x00007fffe2520000 - 0x00007fffe26d5000 	C:\Windows\system32\hmpalert.dll
0x00007fffe3310000 - 0x00007fffe3421000 	C:\WINDOWS\System32\ucrtbase.dll
0x00007fffc2a10000 - 0x00007fffc2a27000 	C:\Users\Jayabalan\.p2\pool\plugins\org.eclipse.justj.openjdk.hotspot.jre.full.win32.x86_64_17.0.10.v20240120-1143\jre\bin\jli.dll
0x00007fffbdff0000 - 0x00007fffbe00b000 	C:\Users\Jayabalan\.p2\pool\plugins\org.eclipse.justj.openjdk.hotspot.jre.full.win32.x86_64_17.0.10.v20240120-1143\jre\bin\VCRUNTIME140.dll
0x00007fffe4c90000 - 0x00007fffe4e42000 	C:\WINDOWS\System32\USER32.dll
0x00007fffe2a40000 - 0x00007fffe2a66000 	C:\WINDOWS\System32\win32u.dll
0x00007fffc0890000 - 0x00007fffc0b2c000 	C:\WINDOWS\WinSxS\amd64_microsoft.windows.common-controls_6595b64144ccf1df_6.0.22621.6060_none_2712eda17382d24b\COMCTL32.dll
0x00007fffe56c0000 - 0x00007fffe5767000 	C:\WINDOWS\System32\msvcrt.dll
0x00007fffe4160000 - 0x00007fffe4189000 	C:\WINDOWS\System32\GDI32.dll
0x00007fffe2b10000 - 0x00007fffe2c2b000 	C:\WINDOWS\System32\gdi32full.dll
0x00007fffe2a70000 - 0x00007fffe2b0a000 	C:\WINDOWS\System32\msvcp_win.dll
0x00007fffe5770000 - 0x00007fffe57a1000 	C:\WINDOWS\System32\IMM32.DLL
0x00007fffc2690000 - 0x00007fffc269c000 	C:\Users\Jayabalan\.p2\pool\plugins\org.eclipse.justj.openjdk.hotspot.jre.full.win32.x86_64_17.0.10.v20240120-1143\jre\bin\vcruntime140_1.dll
0x00007fffb0190000 - 0x00007fffb021d000 	C:\Users\Jayabalan\.p2\pool\plugins\org.eclipse.justj.openjdk.hotspot.jre.full.win32.x86_64_17.0.10.v20240120-1143\jre\bin\msvcp140.dll
0x00007fff7cd90000 - 0x00007fff7d9f2000 	C:\Users\Jayabalan\.p2\pool\plugins\org.eclipse.justj.openjdk.hotspot.jre.full.win32.x86_64_17.0.10.v20240120-1143\jre\bin\server\jvm.dll
0x00007fffe4bd0000 - 0x00007fffe4c81000 	C:\WINDOWS\System32\ADVAPI32.dll
0x00007fffe4190000 - 0x00007fffe4238000 	C:\WINDOWS\System32\sechost.dll
0x00007fffe3430000 - 0x00007fffe3458000 	C:\WINDOWS\System32\bcrypt.dll
0x00007fffe3760000 - 0x00007fffe3878000 	C:\WINDOWS\System32\RPCRT4.dll
0x00007fffe24d0000 - 0x00007fffe251d000 	C:\WINDOWS\SYSTEM32\POWRPROF.dll
0x00007fffdbc20000 - 0x00007fffdbc54000 	C:\WINDOWS\SYSTEM32\WINMM.dll
0x00007fffbe7e0000 - 0x00007fffbe7e9000 	C:\WINDOWS\SYSTEM32\WSOCK32.dll
0x00007fffe0230000 - 0x00007fffe023a000 	C:\WINDOWS\SYSTEM32\VERSION.dll
0x00007fffe42b0000 - 0x00007fffe4321000 	C:\WINDOWS\System32\WS2_32.dll
0x00007fffe24b0000 - 0x00007fffe24c3000 	C:\WINDOWS\SYSTEM32\UMPDC.dll
0x00007fffe1860000 - 0x00007fffe1878000 	C:\WINDOWS\SYSTEM32\kernel.appcore.dll
0x00007fffddd10000 - 0x00007fffddd1a000 	C:\Users\Jayabalan\.p2\pool\plugins\org.eclipse.justj.openjdk.hotspot.jre.full.win32.x86_64_17.0.10.v20240120-1143\jre\bin\jimage.dll
0x00007fffdfe40000 - 0x00007fffe0073000 	C:\WINDOWS\SYSTEM32\DBGHELP.DLL
0x00007fffe3b30000 - 0x00007fffe3ec1000 	C:\WINDOWS\System32\combase.dll
0x00007fffe5430000 - 0x00007fffe5508000 	C:\WINDOWS\System32\OLEAUT32.dll
0x00007fffbe6b0000 - 0x00007fffbe6e2000 	C:\WINDOWS\SYSTEM32\dbgcore.DLL
0x00007fffe2c30000 - 0x00007fffe2cab000 	C:\WINDOWS\System32\bcryptPrimitives.dll
0x00007fffbec40000 - 0x00007fffbec65000 	C:\Users\Jayabalan\.p2\pool\plugins\org.eclipse.justj.openjdk.hotspot.jre.full.win32.x86_64_17.0.10.v20240120-1143\jre\bin\java.dll

dbghelp: loaded successfully - version: 4.0.5 - missing functions: none
symbol engine: initialized successfully - sym options: 0x614 - pdb path: .;C:\Users\Jayabalan\.p2\pool\plugins\org.eclipse.justj.openjdk.hotspot.jre.full.win32.x86_64_17.0.10.v20240120-1143\jre\bin;C:\WINDOWS\SYSTEM32;C:\WINDOWS\WinSxS\amd64_microsoft.windows.common-controls_6595b64144ccf1df_6.0.22621.6060_none_2712eda17382d24b;C:\Users\Jayabalan\.p2\pool\plugins\org.eclipse.justj.openjdk.hotspot.jre.full.win32.x86_64_17.0.10.v20240120-1143\jre\bin\server

VM Arguments:
jvm_args: -Dmaven.home=EMBEDDED -Dclassworlds.conf=C:\Users\Jayabalan\eclipse-workspace\.metadata\.plugins\org.eclipse.m2e.launching\launches\m2conf13708187748515084290.tmp -Dmaven.multiModuleProjectDirectory=D:\Invoice Approval\Invoice-Approval-Backend -Dm2e.build.project.data.socket.port=59935 -Dfile.encoding=UTF-8 -Dstdout.encoding=UTF-8 -Dstderr.encoding=UTF-8 -XX:+ShowCodeDetailsInExceptionMessages 
java_command: org.codehaus.plexus.classworlds.launcher.Launcher -B -Dstyle.color=always
java_class_path (initial): C:\Users\Jayabalan\.p2\pool\plugins\org.eclipse.m2e.maven.runtime_3.9.600.20231203-1234\jars\plexus-classworlds-2.7.0.jar
Launcher Type: SUN_STANDARD

[Global flags]
     intx CICompilerCount                          = 4                                         {product} {ergonomic}
     uint ConcGCThreads                            = 2                                         {product} {ergonomic}
     uint G1ConcRefinementThreads                  = 8                                         {product} {ergonomic}
   size_t G1HeapRegionSize                         = 2097152                                   {product} {ergonomic}
    uintx GCDrainStackTargetSize                   = 64                                        {product} {ergonomic}
   size_t InitialHeapSize                          = 264241152                                 {product} {ergonomic}
   size_t MarkStackSize                            = 4194304                                   {product} {ergonomic}
   size_t MaxHeapSize                              = 4208984064                                {product} {ergonomic}
   size_t MinHeapDeltaBytes                        = 2097152                                   {product} {ergonomic}
   size_t MinHeapSize                              = 8388608                                   {product} {ergonomic}
    uintx NonNMethodCodeHeapSize                   = 5839372                                {pd product} {ergonomic}
    uintx NonProfiledCodeHeapSize                  = 122909434                              {pd product} {ergonomic}
    uintx ProfiledCodeHeapSize                     = 122909434                              {pd product} {ergonomic}
    uintx ReservedCodeCacheSize                    = 251658240                              {pd product} {ergonomic}
     bool SegmentedCodeCache                       = true                                      {product} {ergonomic}
     bool ShowCodeDetailsInExceptionMessages       = true                                   {manageable} {command line}
   size_t SoftMaxHeapSize                          = 4208984064                             {manageable} {ergonomic}
     bool UseCompressedClassPointers               = true                           {product lp64_product} {ergonomic}
     bool UseCompressedOops                        = true                           {product lp64_product} {ergonomic}
     bool UseG1GC                                  = true                                      {product} {ergonomic}
     bool UseLargePagesIndividualAllocation        = false                                  {pd product} {ergonomic}

Logging:
Log output configuration:
 #0: stdout all=warning uptime,level,tags
 #1: stderr all=off uptime,level,tags

Environment Variables:
PATH=C:/Users/Jayabalan/.p2/pool/plugins/org.eclipse.justj.openjdk.hotspot.jre.full.win32.x86_64_17.0.10.v20240120-1143/jre/bin/server;C:/Users/Jayabalan/.p2/pool/plugins/org.eclipse.justj.openjdk.hotspot.jre.full.win32.x86_64_17.0.10.v20240120-1143/jre/bin;C:\Program Files\Common Files\Oracle\Java\javapath;D:\Oracle\app\admin\product\11.2.0\client_1\bin;C:\Python310\Scripts\;C:\Python310\;C:\WINDOWS\system32;C:\WINDOWS;C:\WINDOWS\System32\Wbem;C:\WINDOWS\System32\WindowsPowerShell\v1.0\;C:\WINDOWS\System32\OpenSSH\;C:\ProgramData\chocolatey\bin;C:\Program Files\Microsoft SQL Server\130\Tools\Binn\;C:\Program Files\Microsoft SQL Server\150\Tools\Binn\;C:\Program Files\Microsoft SQL Server\Client SDK\ODBC\170\Tools\Binn\;C:\Program Files\dotnet\;C:\Program Files\nodejs\;C:\Program Files\Git\cmd;C:\Users\Jayabalan\AppData\Local\Microsoft\WindowsApps;C:\Users\Jayabalan\AppData\Local\Programs\Microsoft VS Code\bin;C:\Users\Jayabalan\.dotnet\tools;C:\Users\Jayabalan\AppData\Roaming\npm;C:\flutter\bin;;D:\Desktop;
USERNAME=Jayabalan
OS=Windows_NT
PROCESSOR_IDENTIFIER=Intel64 Family 6 Model 140 Stepping 1, GenuineIntel
TMP=C:\Users\JAYABA~1\AppData\Local\Temp
TEMP=C:\Users\JAYABA~1\AppData\Local\Temp



Periodic native trim disabled


---------------  S Y S T E M  ---------------

OS:
 Windows 11 , 64 bit Build 22621 (10.0.22621.5415)
OS uptime: 7 days 8:44 hours

CPU: total 8 (initial active 8) (4 cores per cpu, 2 threads per core) family 6 model 140 stepping 1 microcode 0xb8, cx8, cmov, fxsr, ht, mmx, 3dnowpref, sse, sse2, sse3, ssse3, sse4.1, sse4.2, popcnt, lzcnt, tsc, tscinvbit, avx, avx2, aes, erms, clmul, bmi1, bmi2, adx, avx512f, avx512dq, avx512cd, avx512bw, avx512vl, sha, fma, vzeroupper, avx512_vpopcntdq, avx512_vpclmulqdq, avx512_vaes, avx512_vnni, clflush, clflushopt, clwb, avx512_vbmi2, avx512_vbmi
Processor Information for all 8 processors :
  Max Mhz: 2419, Current Mhz: 2419, Mhz Limit: 2419

Memory: 4k page, system-wide physical 16051M (377M free)
TotalPageFile size 32730M (AvailPageFile size 192M)
current process WorkingSet (physical memory assigned to process): 12M, peak: 12M
current process commit charge ("private bytes"): 62M, peak: 314M

vm_info: OpenJDK 64-Bit Server VM (17.0.10+7) for windows-amd64 JRE (17.0.10+7), built on Jan 16 2024 23:25:11 by "admin" with MS VC++ 16.10 / 16.11 (VS2019)

END.
